******************************************************************************
                  TI ARM Linker Unix v15.12.3                  
******************************************************************************
>> Linked Sat Mar  4 17:44:50 2017

OUTPUT FILE NAME:   <Lidar.out>
ENTRY POINT SYMBOL: "_c_int00"  address: 00000919


MEMORY CONFIGURATION

         name            origin    length      used     unused   attr    fill
----------------------  --------  ---------  --------  --------  ----  --------
  MAIN                  00000000   00040000  00000abe  0003f542  R  X
  INFO                  00200000   00004000  00000000  00004000  R  X
  SRAM_CODE             01000000   00010000  0000022c  0000fdd4  RW X
  SRAM_DATA             20000000   00010000  0000022c  0000fdd4  RW  


SEGMENT ALLOCATION MAP

run origin  load origin   length   init length attrs members
----------  ----------- ---------- ----------- ----- -------
00000000    00000000    00000ac4   00000ac4    r-x
  00000000    00000000    000000e4   000000e4    r-- .intvecs
  000000e4    000000e4    0000097a   0000097a    r-x .text
  00000a60    00000a60    0000001c   0000001c    r-- .const
  00000a80    00000a80    00000044   00000044    r-- .cinit
20000000    20000000    0000002c   00000000    rw-
  20000000    20000000    0000001c   00000000    rw- .data
  2000001c    2000001c    00000010   00000000    rw- .bss
2000fe00    2000fe00    00000200   00000000    rw-
  2000fe00    2000fe00    00000200   00000000    rw- .stack


SECTION ALLOCATION MAP

 output                                  attributes/
section   page    origin      length       input sections
--------  ----  ----------  ----------   ----------------
.intvecs   0    00000000    000000e4     
                  00000000    000000e4     startup_msp432p401r_ccs.obj (.intvecs:retain)

.text      0    000000e4    0000097a     
                  000000e4    0000032c     system_msp432p401r.obj (.text)
                  00000410    00000314     main.obj (.text)
                  00000724    0000009c     rtsv7M4_T_le_v4SPD16_eabi.lib : memcpy_t2.obj (.text)
                  000007c0    0000007a                                   : memset_t2.obj (.text)
                  0000083a    00000002                                   : mpu_init.obj (.text)
                  0000083c    00000070                                   : autoinit.obj (.text)
                  000008ac    0000006a                                   : copy_decompress_rle.obj (.text)
                  00000916    00000002                                   : startup.obj (.text)
                  00000918    00000054                                   : boot.obj (.text)
                  0000096c    00000054                                   : exit.obj (.text)
                  000009c0    0000004c                                   : cpy_tbl.obj (.text)
                  00000a0c    00000018                                   : args_main.obj (.text)
                  00000a24    00000014                                   : _lock.obj (.text)
                  00000a38    0000000e                                   : copy_decompress_none.obj (.text:decompress:none)
                  00000a46    0000000e     startup_msp432p401r_ccs.obj (.text)
                  00000a54    00000006     rtsv7M4_T_le_v4SPD16_eabi.lib : copy_decompress_rle.obj (.text:decompress:rle24)
                  00000a5a    00000004                                   : pre_init.obj (.text)

.const     0    00000a60    0000001c     
                  00000a60    00000014     main.obj (.const:i2cConfig)
                  00000a74    00000008     main.obj (.const:TXData)

.cinit     0    00000a80    00000044     
                  00000a80    0000001a     (.cinit..data.load) [load image, compression = rle]
                  00000a9a    00000006     --HOLE-- [fill = 0]
                  00000aa0    00000009     (.cinit..bss.load) [load image, compression = rle]
                  00000aa9    00000003     --HOLE-- [fill = 0]
                  00000aac    00000008     (__TI_handler_table)
                  00000ab4    00000010     (__TI_cinit_table)

.init_array 
*          0    00000000    00000000     UNINITIALIZED

.binit     0    00000000    00000000     

.data      0    20000000    0000001c     UNINITIALIZED
                  20000000    0000000c     rtsv7M4_T_le_v4SPD16_eabi.lib : exit.obj (.data:$O1$$)
                  2000000c    00000008                                   : _lock.obj (.data:$O1$$)
                  20000014    00000004                                   : stkdepth_vars.obj (.data)
                  20000018    00000004     system_msp432p401r.obj (.data)

.bss       0    2000001c    00000010     UNINITIALIZED
                  2000001c    00000008     main.obj (.bss:RXData)
                  20000024    00000008     main.obj (.bss)

.stack     0    2000fe00    00000200     UNINITIALIZED
                  2000fe00    00000200     --HOLE--

MODULE SUMMARY

       Module                        code   ro data   rw data
       ------                        ----   -------   -------
    ./
       main.obj                      788    28        32     
       system_msp432p401r.obj        812    0         8      
       startup_msp432p401r_ccs.obj   14     228       0      
    +--+-----------------------------+------+---------+---------+
       Total:                        1614   256       40     
                                                             
    /Applications/ti/ccsv6/tools/compiler/arm_15.12.3.LTS/lib/rtsv7M4_T_le_v4SPD16_eabi.lib
       memcpy_t2.obj                 156    0         0      
       memset_t2.obj                 122    0         0      
       autoinit.obj                  112    0         0      
       copy_decompress_rle.obj       112    0         0      
       exit.obj                      84     0         24     
       boot.obj                      84     0         0      
       cpy_tbl.obj                   76     0         0      
       _lock.obj                     20     0         16     
       args_main.obj                 24     0         0      
       copy_decompress_none.obj      14     0         0      
       stkdepth_vars.obj             0      0         8      
       pre_init.obj                  4      0         0      
       mpu_init.obj                  2      0         0      
       startup.obj                   2      0         0      
    +--+-----------------------------+------+---------+---------+
       Total:                        812    0         48     
                                                             
       Stack:                        0      0         1024   
       Linker Generated:             0      59        0      
    +--+-----------------------------+------+---------+---------+
       Grand Total:                  2426   315       1112   


LINKER GENERATED COPY TABLES

__TI_cinit_table @ 00000ab4 records: 2, size/record: 8, table size: 16
	.data: load addr=00000a80, load size=0000001a bytes, run addr=20000000, run size=0000001c bytes, compression=rle
	.bss: load addr=00000aa0, load size=00000009 bytes, run addr=2000001c, run size=00000010 bytes, compression=rle


LINKER GENERATED HANDLER TABLE

__TI_handler_table @ 00000aac records: 2, size/record: 4, table size: 8
	index: 0, handler: __TI_decompress_rle24
	index: 1, handler: __TI_decompress_none


GLOBAL SYMBOLS: SORTED ALPHABETICALLY BY Name 

address   name                           
-------   ----                           
00000a53  ADC14_IRQHandler               
00000a53  AES256_IRQHandler              
00000a53  BusFault_Handler               
0000096d  C$$EXIT                        
00000a53  COMP_E0_IRQHandler             
00000a53  COMP_E1_IRQHandler             
00000a53  CS_IRQHandler                  
00000a53  DMA_ERR_IRQHandler             
00000a53  DMA_INT0_IRQHandler            
00000a53  DMA_INT1_IRQHandler            
00000a53  DMA_INT2_IRQHandler            
00000a53  DMA_INT3_IRQHandler            
00000a53  DebugMon_Handler               
00000a53  Default_Handler                
00000a53  EUSCIA0_IRQHandler             
00000a53  EUSCIA1_IRQHandler             
00000a53  EUSCIA2_IRQHandler             
00000a53  EUSCIA3_IRQHandler             
000004e9  EUSCIB0_IRQHandler             
000004e9  EUSCIB0_IRQHandler             
00000a53  EUSCIB1_IRQHandler             
00000a53  EUSCIB2_IRQHandler             
00000a53  EUSCIB3_IRQHandler             
00000a53  FLCTL_IRQHandler               
00000a53  FPU_IRQHandler                 
00000a53  HardFault_Handler              
00000a53  MemManage_Handler              
00000a53  NMI_Handler                    
00000a53  PCM_IRQHandler                 
00000a53  PORT1_IRQHandler               
00000a53  PORT2_IRQHandler               
00000a53  PORT3_IRQHandler               
00000a53  PORT4_IRQHandler               
00000a53  PORT5_IRQHandler               
00000a53  PORT6_IRQHandler               
00000a53  PSS_IRQHandler                 
00000a53  PendSV_Handler                 
00000a53  RTC_C_IRQHandler               
00000a47  Reset_Handler                  
UNDEFED   SHT$$INIT_ARRAY$$Base          
UNDEFED   SHT$$INIT_ARRAY$$Limit         
00000a53  SVC_Handler                    
00000a53  SysTick_Handler                
20000018  SystemCoreClock                
000000e5  SystemCoreClockUpdate          
00000359  SystemInit                     
00000a53  T32_INT1_IRQHandler            
00000a53  T32_INT2_IRQHandler            
00000a53  T32_INTC_IRQHandler            
00000a53  TA0_0_IRQHandler               
00000a53  TA0_N_IRQHandler               
00000a53  TA1_0_IRQHandler               
00000a53  TA1_N_IRQHandler               
00000a53  TA2_0_IRQHandler               
00000a53  TA2_N_IRQHandler               
00000a53  TA3_0_IRQHandler               
00000a53  TA3_N_IRQHandler               
00000a74  TXData                         
00000a53  UsageFault_Handler             
4000480c  WDTCTL_SYM                     
00000a53  WDT_A_IRQHandler               
20010000  __STACK_END                    
00000200  __STACK_SIZE                   
00000ab4  __TI_CINIT_Base                
00000ac4  __TI_CINIT_Limit               
00000aac  __TI_Handler_Table_Base        
00000ab4  __TI_Handler_Table_Limit       
0000083d  __TI_auto_init                 
20000000  __TI_cleanup_ptr               
00000a39  __TI_decompress_none           
00000a55  __TI_decompress_rle24          
20000004  __TI_dtors_ptr                 
20000008  __TI_enable_exit_profile_output
ffffffff  __TI_pprof_out_hndl            
ffffffff  __TI_prof_data_size            
ffffffff  __TI_prof_data_start           
00000000  __TI_static_base__             
000007c1  __aeabi_memclr                 
000007c1  __aeabi_memclr4                
000007c1  __aeabi_memclr8                
00000725  __aeabi_memcpy                 
00000725  __aeabi_memcpy4                
00000725  __aeabi_memcpy8                
000007c3  __aeabi_memset                 
000007c3  __aeabi_memset4                
000007c3  __aeabi_memset8                
ffffffff  __binit__                      
ffffffff  __c_args__                     
0000083b  __mpu_init                     
2000fe00  __stack                        
00000a0d  _args_main                     
00000919  _c_int00                       
2000000c  _lock                          
00000a33  _nop                           
00000a2b  _register_lock                 
00000a25  _register_unlock               
00000917  _system_post_cinit             
00000a5b  _system_pre_init               
20000010  _unlock                        
00000971  abort                          
ffffffff  binit                          
000009c1  copy_in                        
00000979  exit                           
00000a60  i2cConfig                      
00000000  interruptVectors               
00000411  main                           
20000014  main_func_sp                   
00000725  memcpy                         
000007c9  memset                         


GLOBAL SYMBOLS: SORTED BY Symbol Address 

address   name                           
-------   ----                           
00000000  __TI_static_base__             
00000000  interruptVectors               
000000e5  SystemCoreClockUpdate          
00000200  __STACK_SIZE                   
00000359  SystemInit                     
00000411  main                           
000004e9  EUSCIB0_IRQHandler             
000004e9  EUSCIB0_IRQHandler             
00000725  __aeabi_memcpy                 
00000725  __aeabi_memcpy4                
00000725  __aeabi_memcpy8                
00000725  memcpy                         
000007c1  __aeabi_memclr                 
000007c1  __aeabi_memclr4                
000007c1  __aeabi_memclr8                
000007c3  __aeabi_memset                 
000007c3  __aeabi_memset4                
000007c3  __aeabi_memset8                
000007c9  memset                         
0000083b  __mpu_init                     
0000083d  __TI_auto_init                 
00000917  _system_post_cinit             
00000919  _c_int00                       
0000096d  C$$EXIT                        
00000971  abort                          
00000979  exit                           
000009c1  copy_in                        
00000a0d  _args_main                     
00000a25  _register_unlock               
00000a2b  _register_lock                 
00000a33  _nop                           
00000a39  __TI_decompress_none           
00000a47  Reset_Handler                  
00000a53  ADC14_IRQHandler               
00000a53  AES256_IRQHandler              
00000a53  BusFault_Handler               
00000a53  COMP_E0_IRQHandler             
00000a53  COMP_E1_IRQHandler             
00000a53  CS_IRQHandler                  
00000a53  DMA_ERR_IRQHandler             
00000a53  DMA_INT0_IRQHandler            
00000a53  DMA_INT1_IRQHandler            
00000a53  DMA_INT2_IRQHandler            
00000a53  DMA_INT3_IRQHandler            
00000a53  DebugMon_Handler               
00000a53  Default_Handler                
00000a53  EUSCIA0_IRQHandler             
00000a53  EUSCIA1_IRQHandler             
00000a53  EUSCIA2_IRQHandler             
00000a53  EUSCIA3_IRQHandler             
00000a53  EUSCIB1_IRQHandler             
00000a53  EUSCIB2_IRQHandler             
00000a53  EUSCIB3_IRQHandler             
00000a53  FLCTL_IRQHandler               
00000a53  FPU_IRQHandler                 
00000a53  HardFault_Handler              
00000a53  MemManage_Handler              
00000a53  NMI_Handler                    
00000a53  PCM_IRQHandler                 
00000a53  PORT1_IRQHandler               
00000a53  PORT2_IRQHandler               
00000a53  PORT3_IRQHandler               
00000a53  PORT4_IRQHandler               
00000a53  PORT5_IRQHandler               
00000a53  PORT6_IRQHandler               
00000a53  PSS_IRQHandler                 
00000a53  PendSV_Handler                 
00000a53  RTC_C_IRQHandler               
00000a53  SVC_Handler                    
00000a53  SysTick_Handler                
00000a53  T32_INT1_IRQHandler            
00000a53  T32_INT2_IRQHandler            
00000a53  T32_INTC_IRQHandler            
00000a53  TA0_0_IRQHandler               
00000a53  TA0_N_IRQHandler               
00000a53  TA1_0_IRQHandler               
00000a53  TA1_N_IRQHandler               
00000a53  TA2_0_IRQHandler               
00000a53  TA2_N_IRQHandler               
00000a53  TA3_0_IRQHandler               
00000a53  TA3_N_IRQHandler               
00000a53  UsageFault_Handler             
00000a53  WDT_A_IRQHandler               
00000a55  __TI_decompress_rle24          
00000a5b  _system_pre_init               
00000a60  i2cConfig                      
00000a74  TXData                         
00000aac  __TI_Handler_Table_Base        
00000ab4  __TI_CINIT_Base                
00000ab4  __TI_Handler_Table_Limit       
00000ac4  __TI_CINIT_Limit               
20000000  __TI_cleanup_ptr               
20000004  __TI_dtors_ptr                 
20000008  __TI_enable_exit_profile_output
2000000c  _lock                          
20000010  _unlock                        
20000014  main_func_sp                   
20000018  SystemCoreClock                
2000fe00  __stack                        
20010000  __STACK_END                    
4000480c  WDTCTL_SYM                     
ffffffff  __TI_pprof_out_hndl            
ffffffff  __TI_prof_data_size            
ffffffff  __TI_prof_data_start           
ffffffff  __binit__                      
ffffffff  __c_args__                     
ffffffff  binit                          
UNDEFED   SHT$$INIT_ARRAY$$Base          
UNDEFED   SHT$$INIT_ARRAY$$Limit         

[109 symbols]
